[julienailsga.com]
[backblue.gif]
[fade.gif]
[index.html]
[julienailsga.com/wp-content/plugins/dg-divi-carousel/assets/css/dica-builder6e0e.css]
[julienailsga.com/wp-content/plugins/dg-divi-carousel/styles/light-box-styles6e0e.css]
[julienailsga.com/feed/index.html]
[julienailsga.com/wp-content/plugins/dg-divi-carousel/styles/swiper.min6e0e.css]
[julienailsga.com/wp-content/themes/Divi/includes/builder/styles/images/preloader.gif]
[julienailsga.com/wp-content/themes/Divi/core/admin/fonts/modules/all/modules.eot]
[julienailsga.com/wp-content/themes/Divi/core/admin/fonts/fontawesome/fa-regular-400.eot]
[julienailsga.com/comments/feed/index.html]
[julienailsga.com/wp-content/et-cache/73/et-divi-dynamic-tb-237468-tb-237470-736d0b.css]
[julienailsga.com/wp-content/plugins/dg-divi-carousel/styles/style.min6e0e.css]
[julienailsga.com/wp-content/plugins/supreme-modules-pro-for-divi/styles/style.min9bc2.css]
[julienailsga.com/wp-content/themes/Divi/includes/builder/feature/dynamic-assets/assets/css/magnific_popup9bc2.css]
[julienailsga.com/wp-content/plugins/supreme-modules-pro-for-divi/public/css/swiper9bc2.css]
[julienailsga.com/wp-content/plugins/supreme-modules-pro-for-divi/public/css/popup9bc2.css]
[julienailsga.com/wp-content/plugins/supreme-modules-pro-for-divi/public/css/animate9bc2.css]
[julienailsga.com/wp-content/plugins/supreme-modules-pro-for-divi/public/css/readmore9bc2.css]
[julienailsga.com/wp-json/index.html]
[julienailsga.com/wp-json/wp/v2/pages/73.json]
[julienailsga.com/wp-json/oembed/1.0/embedce4a.json]
[julienailsga.com/wp-json/oembed/1.0/embed3a95]
[julienailsga.com/wp-content/uploads/2025/03/cropped-Julie-nails-in-alpharetta-ga-30004-logo-32x32.jpg]
[julienailsga.com/wp-content/uploads/2025/03/cropped-Julie-nails-in-alpharetta-ga-30004-logo-192x192.jpg]
[julienailsga.com/wp-content/uploads/2025/03/cropped-Julie-nails-in-alpharetta-ga-30004-logo-180x180.jpg]
[julienailsga.com/wp-content/uploads/2023/07/bg-white1-1.jpg]
[julienailsga.com/wp-content/et-cache/73/et-core-unified-73.min6d0b.css]
[julienailsga.com/wp-content/et-cache/73/et-core-unified-tb-237468-tb-237470-deferred-73.min6d0b.css]
[julienailsga.com/wp-content/uploads/2025/03/julie-nails-in-alpharetta-ga-30004-logo.png]
[julienailsga.com/wp-content/uploads/2025/03/Julie-nails-in-alpharetta-ga-30004-home-3.jpg]
[julienailsga.com/wp-content/uploads/2025/03/Julie-nails-in-alpharetta-ga-30004-home-4.jpg]
[julienailsga.com/gallery]
[julienailsga.com/wp-content/uploads/2023/07/icon10.png]
[julienailsga.com/wp-content/uploads/2025/03/aboutUs1.webp]
[julienailsga.com/booking/index.html]
[julienailsga.com/services]
[julienailsga.com/wp-content/uploads/2023/07/icon11.png]
[julienailsga.com/contact-us]
[julienailsga.com/wp-content/uploads/2025/03/Julie-nails-in-alpharetta-ga-30004-home-5.jpg]
[julienailsga.com/wp-content/uploads/2023/07/icon21-1.png]
[julienailsga.com/wp-content/uploads/2025/03/Julie-nails-in-alpharetta-ga-30004-home-7.jpg]
[julienailsga.com/wp-content/uploads/2025/03/Julie-nails-in-alpharetta-ga-30004-home-6.jpg]
[julienailsga.com/wp-content/uploads/2025/03/Julie-nails-in-alpharetta-ga-30004-home-1.jpg]
[julienailsga.com/nail salon near me 30004]
[julienailsga.com/wp-includes/js/jquery/jquery.minf43b.js]
[julienailsga.com/wp-includes/js/jquery/jquery-migrate.min5589.js]
[julienailsga.com/wp-content/plugins/dg-divi-carousel/scripts/swiper.min6e0e.js]
[julienailsga.com/wp-content/themes/Divi/js/scripts.min41c1.js]
[julienailsga.com/wp-content/themes/Divi/includes/builder/feature/dynamic-assets/assets/js/jquery.fitvids41c1.js]
[julienailsga.com/wp-content/plugins/dg-divi-carousel/scripts/frontend-bundle.min6e0e.js]
[julienailsga.com/wp-content/themes/Divi/core/admin/js/common41c1.js]
[julienailsga.com/wp-content/plugins/supreme-modules-pro-for-divi/public/js/swiper-bundle.min9bc2.js]
[julienailsga.com/wp-content/plugins/supreme-modules-pro-for-divi/includes/modules/CardCarousel/frontend.min9bc2.js]
[julienailsga.com]
[julienailsga.com/xmlrpc.html]
[julienailsga.com/wp-content/plugins/dg-divi-carousel/assets/css/dica-builder6e0e.css]
[julienailsga.com/wp-content/plugins/dg-divi-carousel/styles/light-box-styles6e0e.css]
[julienailsga.com/wp-content/plugins/dg-divi-carousel/styles/swiper.min6e0e.css]
[julienailsga.com/wp-content/et-cache/73/et-divi-dynamic-tb-237468-tb-237470-736d0b.css]
[julienailsga.com/wp-content/plugins/dg-divi-carousel/styles/style.min6e0e.css]
[julienailsga.com/wp-content/plugins/supreme-modules-pro-for-divi/styles/style.min9bc2.css]
[julienailsga.com/wp-content/themes/Divi/includes/builder/feature/dynamic-assets/assets/css/magnific_popup9bc2.css]
[julienailsga.com/wp-content/plugins/supreme-modules-pro-for-divi/public/css/swiper9bc2.css]
[julienailsga.com/wp-content/plugins/supreme-modules-pro-for-divi/public/css/popup9bc2.css]
[julienailsga.com/wp-content/plugins/supreme-modules-pro-for-divi/public/css/animate9bc2.css]
[julienailsga.com/wp-content/plugins/supreme-modules-pro-for-divi/public/css/readmore9bc2.css]
[julienailsga.com/xmlrpc0db0.html]
[julienailsga.com/wp-content/et-cache/73/et-core-unified-73.min6d0b.css]
[julienailsga.com/wp-content/uploads/2023/07/banner45.jpg]
[julienailsga.com/wp-content/et-cache/73/et-core-unified-tb-237468-tb-237470-deferred-73.min6d0b.css]
[julienailsga.com/wp-content/et-cache/75/et-divi-dynamic-tb-237468-tb-237470-7595c2.css]
[julienailsga.com/wp-json/wp/v2/pages/75.json]
[julienailsga.com/wp-json/oembed/1.0/embed4cf0.json]
[julienailsga.com/wp-json/oembed/1.0/embed44be]
[julienailsga.com/wp-content/uploads/2025/03/Julie-nails-in-alpharetta-ga-30004-template.jpg]
[julienailsga.com/wp-content/et-cache/75/et-core-unified-75.mina6a6.css]
[julienailsga.com/wp-content/et-cache/75/et-core-unified-tb-237468-tb-237470-deferred-75.min95c2.css]
[julienailsga.com/wp-content/uploads/2025/03/Julie-nails-in-alpharetta-ga-30004-services-2.jpg]
[julienailsga.com/wp-content/uploads/2025/03/Julie-nails-in-alpharetta-ga-30004-services-1.jpg]
[julienailsga.com/wp-content/uploads/2025/03/Julie-nails-in-alpharetta-ga-30004-services-3.jpg]
[julienailsga.com/wp-content/uploads/2025/03/Julie-nails-in-alpharetta-ga-30004-services-4.jpg]
[julienailsga.com/wp-content/uploads/2025/03/Julie-nails-in-alpharetta-ga-30004-services-6.jpg]
[julienailsga.com/wp-content/uploads/2025/03/Julie-nails-in-alpharetta-ga-30004-services-5.jpg]
[julienailsga.com/services/nail salon near me 30004]
[julienailsga.com/services]
[julienailsga.com/wp-json/wp/v2/pages/274650.json]
[julienailsga.com/wp-json/oembed/1.0/embed07c0.json]
[julienailsga.com/wp-json/oembed/1.0/embed08d8]
[julienailsga.com/wp-content/et-cache/274650/et-core-unified-274650.min8392.css]
[julienailsga.com/wp-content/et-cache/274650/et-core-unified-tb-237468-tb-237470-deferred-274650.mina730.css]
[julienailsga.com/booking/nail salon near me 30004]
[julienailsga.com/booking/index.html]
[julienailsga.com/wp-content/et-cache/77/et-divi-dynamic-tb-237468-tb-237470-77cda2.css]
[julienailsga.com/wp-json/wp/v2/pages/77.json]
[julienailsga.com/wp-json/oembed/1.0/embedfa9e.json]
[julienailsga.com/wp-json/oembed/1.0/embedbec0]
[julienailsga.com/wp-content/uploads/2023/07/female-hands2.jpg]
[julienailsga.com/wp-content/et-cache/77/et-core-unified-77.min9e5d.css]
[julienailsga.com/wp-content/et-cache/77/et-core-unified-tb-237468-tb-237470-deferred-77.min3ed6.css]
[julienailsga.com/wp-content/uploads/2025/03/Julie-nails-in-alpharetta-ga-30004-gallery-1.jpg]
[julienailsga.com/wp-content/uploads/2025/03/Julie-nails-in-alpharetta-ga-30004-gallery-1-400x284.jpg]
[julienailsga.com/wp-content/uploads/2025/03/Julie-nails-in-alpharetta-ga-30004-gallery-3.jpg]
[julienailsga.com/wp-content/uploads/2025/03/Julie-nails-in-alpharetta-ga-30004-gallery-3-400x284.jpg]
[julienailsga.com/wp-content/uploads/2025/03/Julie-nails-in-alpharetta-ga-30004-gallery-2.jpg]
[julienailsga.com/wp-content/uploads/2025/03/Julie-nails-in-alpharetta-ga-30004-gallery-2-400x284.jpg]
[julienailsga.com/wp-content/uploads/2025/03/Julie-nails-in-alpharetta-ga-30004-gallery-6.jpg]
[julienailsga.com/wp-content/uploads/2025/03/Julie-nails-in-alpharetta-ga-30004-gallery-6-400x284.jpg]
[julienailsga.com/wp-content/uploads/2025/03/Julie-nails-in-alpharetta-ga-30004-gallery-5.jpg]
[julienailsga.com/wp-content/uploads/2025/03/Julie-nails-in-alpharetta-ga-30004-gallery-5-400x284.jpg]
[julienailsga.com/wp-content/uploads/2025/03/Julie-nails-in-alpharetta-ga-30004-gallery-4.jpg]
[julienailsga.com/wp-content/uploads/2025/03/Julie-nails-in-alpharetta-ga-30004-gallery-4-400x284.jpg]
[julienailsga.com/wp-content/uploads/2025/03/Julie-nails-in-alpharetta-ga-30004-gallery-8.jpg]
[julienailsga.com/wp-content/uploads/2025/03/Julie-nails-in-alpharetta-ga-30004-gallery-8-400x284.jpg]
[julienailsga.com/wp-content/uploads/2025/03/Julie-nails-in-alpharetta-ga-30004-gallery-7.jpg]
[julienailsga.com/wp-content/uploads/2025/03/Julie-nails-in-alpharetta-ga-30004-gallery-7-400x284.jpg]
[julienailsga.com/gallery/nail salon near me 30004]
[julienailsga.com/wp-content/themes/Divi/includes/builder/feature/dynamic-assets/assets/js/magnific-popup41c1.js]
[julienailsga.com/gallery]
[julienailsga.com/wp-content/themes/Divi/includes/builder/feature/dynamic-assets/assets/js/salvattore41c1.js]
[julienailsga.com/wp-content/et-cache/79/et-divi-dynamic-tb-237468-tb-237470-794d0e.css]
[julienailsga.com/wp-json/wp/v2/pages/79.json]
[julienailsga.com/wp-json/oembed/1.0/embed6ed1.json]
[julienailsga.com/wp-json/oembed/1.0/embed8133]
[julienailsga.com/wp-content/et-cache/79/et-core-unified-79.mind080.css]
[julienailsga.com/wp-content/et-cache/79/et-core-unified-tb-237468-tb-237470-deferred-79.min4d0e.css]
[julienailsga.com/wp-content/uploads/2025/03/Julie-nails-in-alpharetta-ga-30004-contact-1.jpg]
[julienailsga.com/contact-us/nail salon near me 30004]
[julienailsga.com/contact-us]
[julienailsga.com/nail salon near me 30004.html]
[julienailsga.com/wp-content/plugins/dg-divi-carousel/assets/img/icon_hover.svg]
[julienailsga.com/wp-content/plugins/dg-divi-carousel/assets/img/icon.svg]
[julienailsga.com/wp-content/et-cache/75/et-divi-dynamic-tb-237468-tb-237470-7595c2.css]
[julienailsga.com/indexe839.html]
[julienailsga.com/wp-content/et-cache/75/et-core-unified-75.mina6a6.css]
[julienailsga.com/wp-content/et-cache/75/et-core-unified-tb-237468-tb-237470-deferred-75.min95c2.css]
[julienailsga.com/services/nail salon near me 30004.html]
[julienailsga.com/index011c.html]
[julienailsga.com/wp-content/et-cache/274650/et-core-unified-274650.min8392.css]
[julienailsga.com/wp-content/et-cache/274650/et-core-unified-tb-237468-tb-237470-deferred-274650.mina730.css]
[julienailsga.com/booking/nail salon near me 30004.html]
[julienailsga.com/wp-content/et-cache/77/et-divi-dynamic-tb-237468-tb-237470-77cda2.css]
[julienailsga.com/indexb135.html]
[julienailsga.com/wp-content/et-cache/77/et-core-unified-77.min9e5d.css]
[julienailsga.com/wp-content/et-cache/77/et-core-unified-tb-237468-tb-237470-deferred-77.min3ed6.css]
[julienailsga.com/gallery/nail salon near me 30004.html]
[julienailsga.com/wp-content/et-cache/79/et-divi-dynamic-tb-237468-tb-237470-794d0e.css]
[julienailsga.com/index6ffe.html]
[julienailsga.com/wp-content/et-cache/79/et-core-unified-79.mind080.css]
[julienailsga.com/wp-content/et-cache/79/et-core-unified-tb-237468-tb-237470-deferred-79.min4d0e.css]
[julienailsga.com/contact-us/nail salon near me 30004.html]
